export const snapshot = {};

snapshot[`findMetadata() 1`] = `
[
  [
    "normal",
    "link2",
    "hashtag",
  ],
  [
    "/help-en/external-link",
  ],
  [
    "scrapbox",
    "takker",
  ],
  "https://scrapbox.io/files/65f29c24974fd8002333b160.svg",
  [
    "65f29c24974fd8002333b160",
    "65e7f82e03949c0024a367d0",
    "65e7f4413bc95600258481fb",
  ],
  [
    "Need help with setup!!",
  ],
  [
    "Name	[scrapbox.icon]",
    "Address	Add [link2] here",
    "Phone	Adding # won't create a link",
    "Strengths	List about 3 items",
  ],
]
`;
